
> docs@ build D:\Development\projects\hueglint\apps\docs
> astro build

10:59:22 [vite] Re-optimizing dependencies because vite config has changed
10:59:23 [types] Generated 763ms
10:59:23 [build] output: "static"
10:59:23 [build] directory: D:\Development\projects\hueglint\apps\docs\dist\
10:59:23 [build] Collecting build info...
10:59:23 [build] ✓ Completed in 1.03s.
10:59:23 [build] Building static entrypoints...
10:59:35 [vite] [32m✓ built in 12.03s[39m
10:59:35 [build] ✓ Completed in 12.09s.

 building client (vite) 
10:59:36 [vite] transforming...
10:59:37 [vite] [32m✓[39m 132 modules transformed.
10:59:37 [vite] rendering chunks...
10:59:37 [vite] computing gzip size...
10:59:37 [vite] [2mdist/[22m[32m_astro/ec.8zarh.js             [39m[1m[2m  2.42 kB[22m[1m[22m
10:59:37 [vite] [2mdist/[22m[35m_astro/ec.j8ofn.css            [39m[1m[2m 18.25 kB[22m[1m[22m[2m │ gzip:  3.86 kB[22m
10:59:37 [vite] [2mdist/[22m[36m_astro/page.7qqag-5g.js        [39m[1m[2m  2.17 kB[22m[1m[22m[2m │ gzip:  0.97 kB[22m
10:59:37 [vite] [2mdist/[22m[36m_astro/index.CVf8TyFT.js       [39m[1m[2m  6.72 kB[22m[1m[22m[2m │ gzip:  2.68 kB[22m
10:59:37 [vite] [2mdist/[22m[36m_astro/hoisted.DGuKmr_U.js     [39m[1m[2m  8.72 kB[22m[1m[22m[2m │ gzip:  3.41 kB[22m
10:59:37 [vite] [2mdist/[22m[36m_astro/Playground.CtttG4I4.js  [39m[1m[2m 48.08 kB[22m[1m[22m[2m │ gzip: 15.84 kB[22m
10:59:37 [vite] [2mdist/[22m[36m_astro/ui-core.67OXxyb_.js     [39m[1m[2m 85.94 kB[22m[1m[22m[2m │ gzip: 27.32 kB[22m
10:59:37 [vite] [2mdist/[22m[36m_astro/client.DrE9CFQR.js      [39m[1m[2m135.60 kB[22m[1m[22m[2m │ gzip: 43.80 kB[22m
10:59:37 [vite] [32m✓ built in 1.90s[39m

 generating static routes 
10:59:38 ▶ /404
10:59:38   └─ /404.html (+37ms)
10:59:38 ▶ /[...slug]
10:59:38   ├─ /docs/core-concepts/data-format/index.html (+25ms)
10:59:38   └─ /docs/getting-started/installation/index.html (+14ms)
10:59:38 ▶ src/pages/index.astro
10:59:38   └─ /index.html (+16ms)
10:59:38 ✓ Completed in 272ms.


Running Pagefind v1.5.2 (Extended)
Running from: "D:\\Development\\projects\\hueglint\\node_modules\\.pnpm\\@astrojs+starlight@0.28.6_astro@4.16.19_@types+node@24.13.3_rollup@4.62.2_typescript@5.9.3_\\node_modules\\@astrojs\\starlight"
Source:       "..\\..\\..\\..\\..\\..\\apps\\docs\\dist"
Output:       "..\\..\\..\\..\\..\\..\\apps\\docs\\dist\\pagefind"

[Walking source directory]
Found 4 files matching **/*.{html}

[Parsing files]
Found a data-pagefind-body element on the site.
↳ Ignoring pages without this tag.

[Reading languages]
Discovered 1 language: en

[Building search indexes]
Total: 
  Indexed 1 language
  Indexed 2 pages
  Indexed 48 words
  Indexed 0 filters
  Indexed 0 sorts

Finished in 0.156 seconds
10:59:40 [WARN] [@astrojs/sitemap] The Sitemap integration requires the `site` astro.config option. Skipping.
10:59:40 [build] 4 page(s) built in 17.96s
10:59:40 [build] Complete!
